❯ dedup
✔ dedup                6ms
❯ weld
✔ weld                 125ms
❯ resample
✔ resample             0ms
❯ prune
✔ prune                109ms
❯ sparse
✔ sparse               38ms
❯ textureCompress
✔ textureCompress      621ms
❯ quantize
warn: quantize: Skipping TEXCOORD_0; out of [0,1] range.
warn: quantize: Skipping TEXCOORD_0; out of [0,1] range.
warn: quantize: Skipping TEXCOORD_0; out of [0,1] range.
warn: quantize: Skipping TEXCOORD_0; out of [0,1] range.
warn: quantize: Skipping TEXCOORD_0; out of [0,1] range.
warn: quantize: Skipping TEXCOORD_0; out of [0,1] range.
warn: quantize: Skipping TEXCOORD_0; out of [0,1] range.
warn: quantize: Skipping TEXCOORD_0; out of [0,1] range.
warn: quantize: Skipping TEXCOORD_0; out of [0,1] range.
warn: quantize: Skipping TEXCOORD_0; out of [0,1] range.
warn: quantize: Skipping TEXCOORD_0; out of [0,1] range.
warn: quantize: Skipping TEXCOORD_0; out of [0,1] range.
warn: quantize: Skipping TEXCOORD_0; out of [0,1] range.
warn: quantize: Skipping TEXCOORD_0; out of [0,1] range.
✔ quantize             214ms

info: briar-gate-validated.glb (52.47 MB) → briar-gate.glb (15.94 MB)
