
> threefold@0.1.0 build
> tsc --noEmit && vite build --config apps/client/vite.config.ts

vite v8.3.1 building client environment for production...
transforming...
✓ 3352 modules transformed.
rendering chunks...
computing gzip size...
dist/client/index.html                                                     18.32 kB │ gzip:     3.01 kB
dist/client/assets/index-CuO8IX-K.css                                      19.92 kB │ gzip:     5.61 kB
dist/client/assets/typeStore-Cu_sj2zM.js                                    0.08 kB │ gzip:     0.08 kB
dist/client/assets/abstractAudioBus-BQ_7_vCp.js                             0.11 kB │ gzip:     0.13 kB
dist/client/assets/guid-BXdVC_j_.js                                         0.15 kB │ gzip:     0.14 kB
dist/client/assets/flowGraphExecutionBlockWithOutSignal-BVB4yuXR.js         0.15 kB │ gzip:     0.15 kB
dist/client/assets/precisionDate-Uyb-ubD0.js                                0.18 kB │ gzip:     0.14 kB
dist/client/assets/kernelBlurVaryingDeclaration-DP2Wr9Oc.js                 0.21 kB │ gzip:     0.17 kB
dist/client/assets/fogVertex-B90wzaBe.js                                    0.21 kB │ gzip:     0.18 kB
dist/client/assets/fogVertexDeclaration-Bb9kDbrL.js                         0.22 kB │ gzip:     0.18 kB
dist/client/assets/kernelBlurVaryingDeclaration-g2Ge9lzd.js                 0.22 kB │ gzip:     0.18 kB
dist/client/assets/meshVertexDeclaration-CPlGPeEg.js                        0.22 kB │ gzip:     0.18 kB
dist/client/assets/mainUVVaryingDeclaration-BBamQlxR.js                     0.22 kB │ gzip:     0.19 kB
dist/client/assets/fogVertexDeclaration-CiHbVcSR.js                         0.23 kB │ gzip:     0.19 kB
dist/client/assets/mainUVVaryingDeclaration-B_7d0nc3.js                     0.23 kB │ gzip:     0.19 kB
dist/client/assets/pointCloudVertex-CmkEsLzf.js                             0.24 kB │ gzip:     0.20 kB
dist/client/assets/domManagement-BqltO0ki.js                                0.25 kB │ gzip:     0.17 kB
dist/client/assets/subSurfaceScatteringFunctions-D1w5631e.js                0.26 kB │ gzip:     0.20 kB
dist/client/assets/logDepthFragment-C5lxT4l1.js                             0.27 kB │ gzip:     0.22 kB
dist/client/assets/subSurfaceScatteringFunctions-kzIx-1Od.js                0.27 kB │ gzip:     0.21 kB
dist/client/assets/meshUboDeclaration-BATNZvmb.js                           0.27 kB │ gzip:     0.23 kB
dist/client/assets/fogFragment-CKCGTcJi.js                                  0.29 kB │ gzip:     0.22 kB
dist/client/assets/flowGraphUnaryOperationBlock-CzEuOiSB.js                 0.30 kB │ gzip:     0.21 kB
dist/client/assets/logDepthVertex-D5IUM6qd.js                               0.30 kB │ gzip:     0.24 kB
dist/client/assets/logDepthFragment-CxtJswLx.js                             0.31 kB │ gzip:     0.24 kB
dist/client/assets/tgaTextureLoader-Dmc6t2P4.js                             0.31 kB │ gzip:     0.25 kB
dist/client/assets/flowGraphDelayRegistry-Dd3murvx.js                       0.32 kB │ gzip:     0.18 kB
dist/client/assets/fogFragment-C9E3EVJj.js                                  0.32 kB │ gzip:     0.25 kB
dist/client/assets/sceneVertexDeclaration-CluTp-RC.js                       0.33 kB │ gzip:     0.22 kB
dist/client/assets/fogVertex-D0bmc4KF.js                                    0.33 kB │ gzip:     0.23 kB
dist/client/assets/bumpVertexDeclaration-Cb04kLz9.js                        0.34 kB │ gzip:     0.25 kB
dist/client/assets/morphTargetsVertexGlobal-DPUdiYca.js                     0.34 kB │ gzip:     0.24 kB
dist/client/assets/meshUboDeclaration-BmNu2KU_.js                           0.34 kB │ gzip:     0.25 kB
dist/client/assets/logDepthDeclaration-YfYeuGWu.js                          0.35 kB │ gzip:     0.26 kB
dist/client/assets/keyboardEvents-CGYiptFb.js                               0.35 kB │ gzip:     0.20 kB
dist/client/assets/morphTargetsVertexGlobal-ByOBWmHU.js                     0.36 kB │ gzip:     0.25 kB
dist/client/assets/sceneFragmentDeclaration-ql3RpL9u.js                     0.36 kB │ gzip:     0.23 kB
dist/client/assets/engineStore-B_7KzytD.js                                  0.36 kB │ gzip:     0.22 kB
dist/client/assets/sceneUboDeclaration-B5VhSG0v.js                          0.36 kB │ gzip:     0.26 kB
dist/client/assets/logDepthDeclaration-CiKmBIv1.js                          0.36 kB │ gzip:     0.27 kB
dist/client/assets/flowGraphBinaryOperationBlock-BfdwAOMd.js                0.37 kB │ gzip:     0.24 kB
dist/client/assets/logDepthVertex-DSD5XdGw.js                               0.37 kB │ gzip:     0.26 kB
dist/client/assets/oitFinalSimpleBlend.fragment-Q5Yng1yZ.js                 0.38 kB │ gzip:     0.25 kB
dist/client/assets/decalFragment-DYiNNNYb.js                                0.39 kB │ gzip:     0.24 kB
dist/client/assets/bumpVertexDeclaration-I4Guxw_q.js                        0.39 kB │ gzip:     0.26 kB
dist/client/assets/vertexColorMixing-DPW6Is9y.js                            0.43 kB │ gzip:     0.27 kB
dist/client/assets/sceneUboDeclaration-B96Tfx7b.js                          0.43 kB │ gzip:     0.27 kB
dist/client/assets/oitFinalSimpleBlend.fragment-nGYFumis.js                 0.45 kB │ gzip:     0.29 kB
dist/client/assets/boundingBoxRendererUboDeclaration-p4IHL4lf.js            0.46 kB │ gzip:     0.28 kB
dist/client/assets/shaderStore-D-XQlhUT.js                                  0.46 kB │ gzip:     0.17 kB
dist/client/assets/fresnelFunction-BbN1dHQu.js                              0.47 kB │ gzip:     0.32 kB
dist/client/assets/decalFragment-CvBK6CMD.js                                0.48 kB │ gzip:     0.28 kB
dist/client/assets/performanceConfigurator-UtxC_Odd.js                      0.50 kB │ gzip:     0.25 kB
dist/client/assets/flowGraphGLTFDataProvider-BDevlNKK.js                    0.50 kB │ gzip:     0.31 kB
dist/client/assets/bumpVertex-CWhdIpqj.js                                   0.52 kB │ gzip:     0.32 kB
dist/client/assets/hdrTextureLoader-C3CINZkT.js                             0.53 kB │ gzip:     0.38 kB
dist/client/assets/objectIdFunctions-CV--S3DE.js                            0.54 kB │ gzip:     0.36 kB
dist/client/assets/flowGraphInteger.pure-CZmJgkLp.js                        0.55 kB │ gzip:     0.29 kB
dist/client/assets/vertexColorMixing-UCrnwszu.js                            0.56 kB │ gzip:     0.30 kB
dist/client/assets/envTextureLoader-D17yss6F.js                             0.56 kB │ gzip:     0.37 kB
dist/client/assets/objectIdFunctions-DaAfAq1m.js                            0.56 kB │ gzip:     0.36 kB
dist/client/assets/flowGraphObjectReferenceBlock-VUB-lwIu.js                0.58 kB │ gzip:     0.35 kB
dist/client/assets/clipPlaneFragmentDeclaration-CSc2gv6E.js                 0.60 kB │ gzip:     0.27 kB
dist/client/assets/packingFunctions-B4K2XLu2.js                             0.60 kB │ gzip:     0.33 kB
dist/client/assets/clipPlaneFragmentDeclaration-CEQe2y6D.js                 0.60 kB │ gzip:     0.28 kB
dist/client/assets/iblVoxelOpacityAtomicMax-C9BLvW0W.js                     0.61 kB │ gzip:     0.35 kB
dist/client/assets/lod3D.fragment-yRlWVCij.js                               0.62 kB │ gzip:     0.36 kB
dist/client/assets/devTools-Bh3wKyVb.js                                     0.62 kB │ gzip:     0.38 kB
dist/client/assets/packingFunctions-Be-sS7jb.js                             0.64 kB │ gzip:     0.35 kB
dist/client/assets/clipPlaneVertex-mjMpT-er.js                              0.64 kB │ gzip:     0.28 kB
dist/client/assets/flowGraphAsyncExecutionBlock-Bw711Q8A.js                 0.66 kB │ gzip:     0.35 kB
dist/client/assets/samplerFragmentDeclaration-3yaLawFX.js                   0.67 kB │ gzip:     0.29 kB
dist/client/assets/utils-CLq_UU0_.js                                        0.68 kB │ gzip:     0.36 kB
dist/client/assets/flowGraphEventBlock-BkyrUjyt.js                          0.68 kB │ gzip:     0.40 kB
dist/client/assets/backgroundUboDeclaration-ClJLip40.js                     0.69 kB │ gzip:     0.36 kB
dist/client/assets/bumpVertex-DRq4BZvD.js                                   0.69 kB │ gzip:     0.38 kB
dist/client/assets/rolldown-runtime-hePW80VL.js                             0.71 kB │ gzip:     0.42 kB
dist/client/assets/backgroundUboDeclaration-i4MsxPq1.js                     0.72 kB │ gzip:     0.38 kB
dist/client/assets/samplerFragmentDeclaration-CEHqUfAO.js                   0.72 kB │ gzip:     0.32 kB
dist/client/assets/flowGraphAssetsContext-WtUyuDAI.js                       0.73 kB │ gzip:     0.27 kB
dist/client/assets/morphTargetsVertexDeclaration-C6edlvs0.js                0.73 kB │ gzip:     0.36 kB
dist/client/assets/clipPlaneVertexDeclaration-9BzPFVsZ.js                   0.74 kB │ gzip:     0.30 kB
dist/client/assets/volumetricLightingRenderVolume.vertex-C6FZxDYC.js        0.75 kB │ gzip:     0.39 kB
dist/client/assets/pointerEvents-D9bWrkoW.js                                0.76 kB │ gzip:     0.40 kB
dist/client/assets/volumetricLightingRenderVolume.vertex-BGxHflaN.js        0.76 kB │ gzip:     0.39 kB
dist/client/assets/clusteredLightingFunctions-BFCOODPn.js                   0.76 kB │ gzip:     0.35 kB
dist/client/assets/lod3D.fragment-y-jhIqg5.js                               0.76 kB │ gzip:     0.41 kB
dist/client/assets/clipPlaneVertexDeclaration-Jocl-KYE.js                   0.78 kB │ gzip:     0.31 kB
dist/client/assets/morphTargetsVertexDeclaration-B8ZciZck.js                0.78 kB │ gzip:     0.37 kB
dist/client/assets/clusteredLightingFunctions-DNqaoQCj.js                   0.79 kB │ gzip:     0.35 kB
dist/client/assets/clipPlaneVertex-B-AlB93Z.js                              0.79 kB │ gzip:     0.31 kB
dist/client/assets/clipPlaneFragment-VTtePARr.js                            0.79 kB │ gzip:     0.31 kB
dist/client/assets/volumetricLightingBlendVolume.fragment-Bz5yiNiY.js       0.81 kB │ gzip:     0.45 kB
dist/client/assets/iblCopyVoxelBufferToGrid.compute-Dn5OuT-_.js             0.83 kB │ gzip:     0.50 kB
dist/client/assets/bakedVertexAnimationDeclaration-C-g0vyVW.js              0.85 kB │ gzip:     0.44 kB
dist/client/assets/instancesVertex-C-FoRQR1.js                              0.88 kB │ gzip:     0.32 kB
dist/client/assets/clipPlaneFragment-BcfRf0zE.js                            0.90 kB │ gzip:     0.33 kB
dist/client/assets/webAudioMainBus-ClAzKhc2.js                              0.91 kB │ gzip:     0.41 kB
dist/client/assets/fogFragmentDeclaration-B3JtdqQ5.js                       0.93 kB │ gzip:     0.45 kB
dist/client/assets/instancesDeclaration-CJBvtBV5.js                         0.93 kB │ gzip:     0.34 kB
dist/client/assets/flowGraphCachedOperationBlock-og37oixp.js                0.96 kB │ gzip:     0.44 kB
dist/client/assets/imageProcessingDeclaration-CqsBIP6j.js                   0.96 kB │ gzip:     0.47 kB
dist/client/assets/shadowsVertex-C96z-hmu.js                                0.99 kB │ gzip:     0.42 kB
dist/client/assets/volumetricLightingBlendVolume.fragment-DIkNb-c4.js       1.01 kB │ gzip:     0.51 kB
dist/client/assets/fogFragmentDeclaration-kKpHilUt.js                       1.03 kB │ gzip:     0.49 kB
dist/client/assets/instancesDeclaration-DsiFqYXH.js                         1.04 kB │ gzip:     0.36 kB
dist/client/assets/flowGraphKeyboardEventBlock-CKPp_OXV.js                  1.05 kB │ gzip:     0.44 kB
dist/client/assets/flowGraphPointerUpEventBlock.pure-C6ScsI_F.js            1.05 kB │ gzip:     0.49 kB
dist/client/assets/flowGraphPointerDownEventBlock.pure-BpfaFl3-.js          1.06 kB │ gzip:     0.49 kB
dist/client/assets/imageProcessingDeclaration-DGqMcG9S.js                   1.07 kB │ gzip:     0.51 kB
dist/client/assets/flowGraphPointerMoveEventBlock.pure-Yk0fRa2t.js          1.08 kB │ gzip:     0.50 kB
dist/client/assets/selection.fragment-CcGNdlBy.js                           1.11 kB │ gzip:     0.52 kB
dist/client/assets/meshBlendTagFragmentOutput-9blsvR_B.js                   1.13 kB │ gzip:     0.54 kB
dist/client/assets/lightVxUboDeclaration-BV2d12cU.js                        1.16 kB │ gzip:     0.53 kB
dist/client/assets/instancesVertex-Dty6qjVO.js                              1.17 kB │ gzip:     0.39 kB
dist/client/assets/smartArray-BRfcgNbX.js                                   1.18 kB │ gzip:     0.44 kB
dist/client/assets/harmonicsFunctions-DnjE2qdj.js                           1.20 kB │ gzip:     0.53 kB
dist/client/assets/basisTextureLoader-D9xCY4ng.js                           1.21 kB │ gzip:     0.57 kB
dist/client/assets/bonesDeclaration-DRytShNh.js                             1.22 kB │ gzip:     0.60 kB
dist/client/assets/morphTargetsVertexGlobalDeclaration-C5ABF1tw.js          1.24 kB │ gzip:     0.48 kB
dist/client/assets/noise.fragment-DEbzbasH.js                               1.24 kB │ gzip:     0.65 kB
dist/client/assets/lightVxFragmentDeclaration-CugpVems.js                   1.25 kB │ gzip:     0.51 kB
dist/client/assets/defaultUboDeclaration-C53xcSdv.js                        1.26 kB │ gzip:     0.55 kB
dist/client/assets/ddsTextureLoader-jRjPxcVP.js                             1.27 kB │ gzip:     0.62 kB
dist/client/assets/halfFloat-Ce77JD5z.js                                    1.29 kB │ gzip:     0.60 kB
dist/client/assets/flowGraphUnsupportedInteractivityBlock-BYfvtp4r.js       1.32 kB │ gzip:     0.54 kB
dist/client/assets/selection.fragment-0onl5dFM.js                           1.33 kB │ gzip:     0.59 kB
dist/client/assets/noise.fragment-LuZEVkT0.js                               1.40 kB │ gzip:     0.71 kB
dist/client/assets/lightVxUboDeclaration-GZeKPzHM.js                        1.41 kB │ gzip:     0.59 kB
dist/client/assets/gaussianSplattingVoxel.fragment-DO9W3k2R.js              1.47 kB │ gzip:     0.69 kB
dist/client/assets/abstractSoundSource-B3SG6se2.js                          1.48 kB │ gzip:     0.48 kB
dist/client/assets/harmonicsFunctions-Be5uM64i.js                           1.50 kB │ gzip:     0.57 kB
dist/client/assets/flowGraphDebugBlock.pure-Dd0LtfQq.js                     1.52 kB │ gzip:     0.66 kB
dist/client/assets/bonesDeclaration-BMm1OMEj.js                             1.57 kB │ gzip:     0.68 kB
dist/client/assets/screenSpaceCurvature.fragment-DGKqBbuS.js                1.59 kB │ gzip:     0.65 kB
dist/client/assets/defaultUboDeclaration-DVoEMIF5.js                        1.62 kB │ gzip:     0.53 kB
dist/client/assets/volumetricLightingRenderVolume.fragment-CYIVTPj8.js      1.72 kB │ gzip:     0.81 kB
dist/client/assets/gaussianSplattingVoxel.fragment-B_Om6CDx.js              1.75 kB │ gzip:     0.59 kB
dist/client/assets/morphTargetsVertexGlobalDeclaration-y0Cra_L_.js          1.75 kB │ gzip:     0.55 kB
dist/client/assets/pbrUboDeclaration--xFZEw0i.js                            1.80 kB │ gzip:     0.67 kB
dist/client/assets/math.plane-But1rC08.js                                   1.81 kB │ gzip:     0.77 kB
dist/client/assets/gaussianSplattingVoxel.vertex--ADxs3iK.js                1.87 kB │ gzip:     0.76 kB
dist/client/assets/logger-CuBYPcDK.js                                       1.88 kB │ gzip:     0.82 kB
dist/client/assets/preload-helper-CXLi5ffT.js                               1.95 kB │ gzip:     1.02 kB
dist/client/assets/volumetricLightingRenderVolume.fragment--stnBwf_.js      1.95 kB │ gzip:     0.88 kB
dist/client/assets/bumpFragmentFunctions-c1aIuEjq.js                        2.03 kB │ gzip:     0.84 kB
dist/client/assets/morphTargetsVertex-BWUt_53e.js                           2.06 kB │ gzip:     0.60 kB
dist/client/assets/math.scalar.functions-2SsIYR6r.js                        2.09 kB │ gzip:     0.97 kB
dist/client/assets/bonesVertex-CQLchiRQ.js                                  2.16 kB │ gzip:     0.50 kB
dist/client/assets/bumpFragmentFunctions-DvpozEIh.js                        2.19 kB │ gzip:     0.88 kB
dist/client/assets/webAudioBus-Deq2yZg8.js                                  2.28 kB │ gzip:     0.75 kB
dist/client/assets/flowGraphEventReferenceBlock-Db5wt3MO.js                 2.34 kB │ gzip:     0.78 kB
dist/client/assets/pbrUboDeclaration-BPdnc_7Y.js                            2.39 kB │ gzip:     0.66 kB
dist/client/assets/bumpFragment-D8WqxgPU.js                                 2.44 kB │ gzip:     0.93 kB
dist/client/assets/shadowsVertex-C9VTckUG.js                                2.46 kB │ gzip:     0.53 kB
dist/client/assets/iesTextureLoader-CJ0mnrkk.js                             2.47 kB │ gzip:     1.07 kB
dist/client/assets/pbrIBLFunctions-CSlJv7qb.js                              2.52 kB │ gzip:     0.88 kB
dist/client/assets/gaussianSplattingVoxel.vertex-BLyfWJT-.js                2.59 kB │ gzip:     0.92 kB
dist/client/assets/mrtFragmentDeclaration-BZpfWb0R.js                       2.59 kB │ gzip:     0.62 kB
dist/client/assets/selection.vertex-2puDGNxl.js                             2.63 kB │ gzip:     0.91 kB
dist/client/assets/flowGraphExecutionBlock-Dds6jIix.js                      2.64 kB │ gzip:     0.93 kB
dist/client/assets/flowGraphRichTypes.pure-DgjVJc0E.js                      2.66 kB │ gzip:     0.92 kB
dist/client/assets/pbrIBLFunctions-b8fwQKtH.js                              2.71 kB │ gzip:     0.88 kB
dist/client/assets/geometryRenderingFragment-oCYxAIcm.js                    2.75 kB │ gzip:     0.84 kB
dist/client/assets/bumpFragmentMainFunctions-DExg6M2O.js                    2.75 kB │ gzip:     1.22 kB
dist/client/assets/bonesVertex-DDR4oVnv.js                                  2.81 kB │ gzip:     0.53 kB
dist/client/assets/lightUboDeclaration-Z6MZgdws.js                          2.82 kB │ gzip:     0.94 kB
dist/client/assets/bakedVertexAnimation-CP3BNGXM.js                         2.82 kB │ gzip:     0.65 kB
dist/client/assets/geometryRenderingFragment-DZg0Y277.js                    2.87 kB │ gzip:     0.78 kB
dist/client/assets/lightFragmentDeclaration-4bsjV-KS.js                     2.91 kB │ gzip:     0.93 kB
dist/client/assets/webRequest-dqz0dHXK.js                                   2.94 kB │ gzip:     1.06 kB
dist/client/assets/bumpFragmentMainFunctions-B79eJWRC.js                    2.99 kB │ gzip:     1.25 kB
dist/client/assets/selection.vertex-B324iZyp.js                             3.03 kB │ gzip:     1.00 kB
dist/client/assets/abstractSoundInstance-DG1ZsoCF.js                        3.09 kB │ gzip:     0.90 kB
dist/client/assets/gpuRenderParticles.fragment-CAkS1xmG.js                  3.16 kB │ gzip:     1.09 kB
dist/client/assets/observable.pure-H-M_hi7F.js                              3.20 kB │ gzip:     1.10 kB
dist/client/assets/bumpFragment-BvohyhFw.js                                 3.26 kB │ gzip:     1.03 kB
dist/client/assets/prePassDeclaration-CYtXiwtj.js                           3.29 kB │ gzip:     0.87 kB
dist/client/assets/gaussianSplatting.fragment-DZm22oY5.js                   3.40 kB │ gzip:     1.09 kB
dist/client/assets/bakedVertexAnimation-7XIMgH6x.js                         3.42 kB │ gzip:     0.93 kB
dist/client/assets/textureProcessor.fragment-D-awtrDP.js                    3.49 kB │ gzip:     1.00 kB
dist/client/assets/gaussianSplatting.fragment-XzgM7wA0.js                   3.54 kB │ gzip:     1.12 kB
dist/client/assets/lightUboDeclaration-DCjVxxgI.js                          3.58 kB │ gzip:     1.07 kB
dist/client/assets/samplerVertexImplementation-DUwTGCgo.js                  3.85 kB │ gzip:     1.06 kB
dist/client/assets/openpbrUboDeclaration-CbPGRvOI.js                        3.87 kB │ gzip:     1.03 kB
dist/client/assets/decorators-D3kDnvNy.js                                   3.88 kB │ gzip:     1.58 kB
dist/client/assets/imageProcessingFunctions-BLIUyacJ.js                     4.10 kB │ gzip:     1.62 kB
dist/client/assets/reflectionFunction-DVjcYdEN.js                           4.13 kB │ gzip:     0.99 kB
dist/client/assets/textureProcessor.fragment-B-hqHgey.js                    4.37 kB │ gzip:     1.18 kB
dist/client/assets/morphTargetsVertex-C9FkkKio.js                           4.56 kB │ gzip:     0.82 kB
dist/client/assets/reflectionFunction-sM3JAF_c.js                           4.64 kB │ gzip:     1.05 kB
dist/client/assets/imageProcessingFunctions-DFbaammS.js                     4.92 kB │ gzip:     1.87 kB
dist/client/assets/selectionOutline.fragment-lN_28Eg-.js                    4.99 kB │ gzip:     1.04 kB
dist/client/assets/openpbrUboDeclaration-DsEnzkeE.js                        5.22 kB │ gzip:     1.05 kB
dist/client/assets/subSurfaceScattering.fragment-W7AKukX3.js                5.48 kB │ gzip:     2.07 kB
dist/client/assets/math.size-S9P9vpTJ.js                                    5.65 kB │ gzip:     2.09 kB
dist/client/assets/flowGraphPlayAnimationBlock.pure-DqbZahnZ.js             5.96 kB │ gzip:     1.83 kB
dist/client/assets/ltcHelperFunctions-DS3Utz6C.js                           6.04 kB │ gzip:     1.54 kB
dist/client/assets/subSurfaceScattering.fragment-BQLgpq_Z.js                6.10 kB │ gzip:     2.17 kB
dist/client/assets/selectionOutline.fragment-CwDO4qmT.js                    6.26 kB │ gzip:     1.16 kB
dist/client/assets/samplerVertexImplementation-CEwsh6W2.js                  6.49 kB │ gzip:     1.51 kB
dist/client/assets/helperFunctions-DoKBAXa8.js                              6.57 kB │ gzip:     2.23 kB
dist/client/assets/ltcHelperFunctions-D8BySwCQ.js                           6.63 kB │ gzip:     1.84 kB
dist/client/assets/helperFunctions-DH6wtno_.js                              6.89 kB │ gzip:     2.35 kB
dist/client/assets/oitFragment-B_qmRcLR.js                                  7.08 kB │ gzip:     2.57 kB
dist/client/assets/gaussianSplatting.vertex-C1D7wtVq.js                     7.26 kB │ gzip:     1.97 kB
dist/client/assets/lightsFragmentFunctions-Cq6OKKzY.js                      7.34 kB │ gzip:     1.76 kB
dist/client/assets/buffer.pure-BO62nfT-.js                                  7.57 kB │ gzip:     2.49 kB
dist/client/assets/internalTexture-_PfLCgHO.js                              7.75 kB │ gzip:     2.00 kB
dist/client/assets/screenSpaceRayTrace-BZRnp6Bu.js                          7.87 kB │ gzip:     2.75 kB
dist/client/assets/oitFragment-BX3jW996.js                                  8.13 kB │ gzip:     2.65 kB
dist/client/assets/lightsFragmentFunctions-Bn5-ph8d.js                      8.40 kB │ gzip:     1.94 kB
dist/client/assets/screenSpaceRayTrace-Z74_Mvl0.js                          8.47 kB │ gzip:     2.92 kB
dist/client/assets/gaussianSplatting.vertex-BULrvPbi.js                     8.60 kB │ gzip:     2.16 kB
dist/client/assets/hdrFilteringFunctions-Dw0rQ8Bu.js                        8.63 kB │ gzip:     2.56 kB
dist/client/assets/hdrFilteringFunctions-Da1yugu7.js                        8.68 kB │ gzip:     2.51 kB
dist/client/assets/cubemapToSphericalPolynomial-NQi5jbBA.js                 9.33 kB │ gzip:     2.81 kB
dist/client/assets/gpuRenderParticles.vertex-DdraVad1.js                   10.02 kB │ gzip:     2.18 kB
dist/client/assets/flowGraphBlock-BkcqWre8.js                              11.16 kB │ gzip:     3.33 kB
dist/client/assets/vertexPullingDeclaration-bSzsf5ND.js                    11.57 kB │ gzip:     1.51 kB
dist/client/assets/constants-_wyaM_ID.js                                   11.77 kB │ gzip:     3.19 kB
dist/client/assets/pbrBRDFFunctions-BCNINF-p.js                            11.93 kB │ gzip:     4.14 kB
dist/client/assets/webAudioBaseSubGraph-D0ajKcgP.js                        12.38 kB │ gzip:     3.51 kB
dist/client/assets/math.color.pure-CyK7izRv.js                             12.51 kB │ gzip:     2.94 kB
dist/client/assets/dumpTools.pure-BxoeEDm3.js                              12.52 kB │ gzip:     4.91 kB
dist/client/assets/pbrBRDFFunctions-DxfbxN23.js                            12.76 kB │ gzip:     4.32 kB
dist/client/assets/tools.functions-DVyLXzaq.js                             13.39 kB │ gzip:     4.46 kB
dist/client/assets/easing-BZDkodbs.js                                      13.72 kB │ gzip:     4.48 kB
dist/client/assets/baseTexture.pure-Cwkvl1Mc.js                            15.08 kB │ gzip:     3.83 kB
dist/client/assets/ktxTextureLoader-BCgpWBjk.js                            15.17 kB │ gzip:     4.40 kB
dist/client/assets/spatialWebAudio-Ch5HYC4F.js                             15.91 kB │ gzip:     3.63 kB
dist/client/assets/openpbrSubsurfaceLayerData-DZgp0Qa4.js                  17.05 kB │ gzip:     3.89 kB
dist/client/assets/effectRenderer.pure-CPruR5pn.js                         17.76 kB │ gzip:     5.63 kB
dist/client/assets/sceneComponent-CWMR5GyB.js                              18.07 kB │ gzip:     4.95 kB
dist/client/assets/lightConstants-vETfIMoi.js                              18.24 kB │ gzip:     4.02 kB
dist/client/assets/openpbrSubsurfaceLayerData-DpsV2wgM.js                  18.46 kB │ gzip:     4.15 kB
dist/client/assets/texture.pure-DZUzVhep.js                                19.58 kB │ gzip:     5.45 kB
dist/client/assets/lightFragment-Cvpad6lP.js                               19.60 kB │ gzip:     3.11 kB
dist/client/assets/lightFragment-BGWWl0Di.js                               22.24 kB │ gzip:     3.28 kB
dist/client/assets/shadowsFragmentFunctions-0mElAQAh.js                    25.98 kB │ gzip:     4.00 kB
dist/client/assets/postProcess.pure-Ck-cLCrm.js                            27.82 kB │ gzip:     8.21 kB
dist/client/assets/shadowsFragmentFunctions-D6SBDDkH.js                    28.51 kB │ gzip:     3.96 kB
dist/client/assets/animation.pure-pPRcPVbO.js                              29.00 kB │ gzip:     7.61 kB
dist/client/assets/pbrDebug-BqaGz1G1.js                                    29.29 kB │ gzip:     6.26 kB
dist/client/assets/tools.pure-DHkeT_u6.js                                  31.66 kB │ gzip:    10.33 kB
dist/client/assets/pbrDebug-BrRjjwX-.js                                    36.56 kB │ gzip:     7.87 kB
dist/client/assets/meshBlending.fragment-DzK0T9dh.js                       39.46 kB │ gzip:     8.28 kB
dist/client/assets/meshBlending.fragment-BS074wkT.js                       42.58 kB │ gzip:     8.62 kB
dist/client/assets/animationGroup.pure-LGxhfXJK.js                         53.92 kB │ gzip:    12.83 kB
dist/client/assets/abstractEngine.pure-BpJvd3xt.js                         59.97 kB │ gzip:    14.73 kB
dist/client/assets/math.vector.pure-Bf808hTq.js                            64.62 kB │ gzip:    15.84 kB
dist/client/assets/thinEngine.pure-Dck-dJol.js                             67.87 kB │ gzip:    17.08 kB
dist/client/assets/brdfTextureTools-7JteKyTH.js                           104.49 kB │ gzip:    55.78 kB
dist/client/assets/renderTargetTexture.pure-CpQf-Zuc.js                   111.66 kB │ gzip:    27.89 kB
dist/client/assets/scene.pure-CQryI4Mm.js                                 159.93 kB │ gzip:    34.48 kB
dist/client/assets/html2canvas-Dn6bw578.js                                199.49 kB │ gzip:    46.77 kB
dist/client/assets/index-Zl4g2OGx.js                                    6,357.78 kB │ gzip: 1,394.97 kB

✓ built in 1.05s
