00:15:48 | INFO: Data are loaded, start creating Blender stuff
00:15:48 | INFO: Blender create Mesh node char1
00:15:48 | INFO: glTF import finished in 0.07s
00:15:49 | INFO: Data are loaded, start creating Blender stuff
00:15:49 | INFO: Blender create Mesh node char1
00:15:49 | INFO: glTF import finished in 0.06s
00:15:49 | INFO: Data are loaded, start creating Blender stuff
00:15:49 | INFO: Blender create Mesh node char1
00:15:49 | INFO: glTF import finished in 0.06s
00:15:49 | INFO: Data are loaded, start creating Blender stuff
00:15:49 | INFO: Blender create Mesh node char1
00:15:49 | INFO: glTF import finished in 0.06s
Info: Saved as "cyborg.blend"
INFO Draco is available, use library at /Applications/Blender.app/Contents/Resources/5.2/scripts/addons_core/io_scene_gltf2/libbf_intern_draco_bridge.dylib
INFO MeshOptimizer is available, use library at /Applications/Blender.app/Contents/Resources/5.2/scripts/addons_core/io_scene_gltf2/libbf_intern_meshopt_bridge.dylib
00:15:49 | INFO: Starting glTF 2.0 export
00:15:49 | INFO: Extracting primitive: char1
00:15:49 | WARNING: More than one shader node tex image used for a texture. The resulting glTF sampler will behave like the first shader node tex image.
00:15:49 | INFO: Primitives created: 1
00:15:49 | INFO: Finished glTF 2.0 export in 0.25365304946899414 s

{"model": "cyborg", "triangles": 23991, "bones": 24, "animations": ["idle", "run", "attack", "dodge", "death"], "bytes": 6255732, "root_motion": "horizontal travel removed; server owns movement", "equipment": "Generated ceramic body and pulse forearm"}
Blender 5.2.1 LTS (hash 9e2066aef7ef built 2026-08-25 01:35:57)

Blender quit
